
R version 3.4.1 (2017-06-30) -- "Single Candle"
Copyright (C) 2017 The R Foundation for Statistical Computing
Platform: x86_64-pc-linux-gnu (64-bit)

R is free software and comes with ABSOLUTELY NO WARRANTY.
You are welcome to redistribute it under certain conditions.
Type 'license()' or 'licence()' for distribution details.

  Natural language support but running in an English locale

R is a collaborative project with many contributors.
Type 'contributors()' for more information and
'citation()' on how to cite R or R packages in publications.

Type 'demo()' for some demos, 'help()' for on-line help, or
'help.start()' for an HTML browser interface to help.
Type 'q()' to quit R.

> 
> # source('R/setup_home.R')
> source('R/setup_flux.R')
Installing package into ‘/home/ejbreen/R/x86_64-pc-linux-gnu-library/3.4’
(as ‘lib’ is unspecified)
trying URL 'https://cloud.r-project.org/src/contrib/simstudy_0.1.8.tar.gz'
Content type 'application/x-gzip' length 186315 bytes (181 KB)
==================================================
downloaded 181 KB

* installing *source* package ‘simstudy’ ...
** package ‘simstudy’ successfully unpacked and MD5 sums checked
** libs
g++  -I/sw/arcts/centos7/R/3.4.1/lib64/R/include -DNDEBUG  -I"/sw/arcts/centos7/R/3.4.1/lib64/R/library/Rcpp/include" -I/usr/local/include   -fpic  -g -O2  -c RcppExports.cpp -o RcppExports.o
g++  -I/sw/arcts/centos7/R/3.4.1/lib64/R/include -DNDEBUG  -I"/sw/arcts/centos7/R/3.4.1/lib64/R/library/Rcpp/include" -I/usr/local/include   -fpic  -g -O2  -c srcRcpp.cpp -o srcRcpp.o
g++ -shared -L/sw/arcts/centos7/R/3.4.1/lib64/R/lib -L/usr/local/lib64 -o simstudy.so RcppExports.o srcRcpp.o -L/sw/arcts/centos7/R/3.4.1/lib64/R/lib -lR
installing to /home/ejbreen/R/x86_64-pc-linux-gnu-library/3.4/simstudy/libs
** R
** inst
** preparing package for lazy loading
** help
*** installing help indices
** building package indices
** installing vignettes
** testing if installed package can be loaded
* DONE (simstudy)

The downloaded source packages are in
	‘/tmp/RtmpMQazXf/downloaded_packages’
Loading required package: data.table
Installing package into ‘/home/ejbreen/R/x86_64-pc-linux-gnu-library/3.4’
(as ‘lib’ is unspecified)
trying URL 'https://cloud.r-project.org/src/contrib/slam_0.1-42.tar.gz'
Content type 'application/x-gzip' length 53446 bytes (52 KB)
==================================================
downloaded 52 KB

ERROR: failed to lock directory ‘/home/ejbreen/R/x86_64-pc-linux-gnu-library/3.4’ for modifying
Try removing ‘/home/ejbreen/R/x86_64-pc-linux-gnu-library/3.4/00LOCK-slam’

The downloaded source packages are in
	‘/tmp/RtmpMQazXf/downloaded_packages’
Installing package into ‘/home/ejbreen/R/x86_64-pc-linux-gnu-library/3.4’
(as ‘lib’ is unspecified)
trying URL 'https://cloud.r-project.org/src/contrib/MASS_7.3-49.tar.gz'
Content type 'application/x-gzip' length 487772 bytes (476 KB)
==================================================
downloaded 476 KB

* installing *source* package ‘MASS’ ...
** package ‘MASS’ successfully unpacked and MD5 sums checked
** libs
gcc -std=gnu99 -I/sw/arcts/centos7/R/3.4.1/lib64/R/include -DNDEBUG   -I/usr/local/include   -fpic  -O3 -mtune=native  -c MASS.c -o MASS.o
gcc -std=gnu99 -I/sw/arcts/centos7/R/3.4.1/lib64/R/include -DNDEBUG   -I/usr/local/include   -fpic  -O3 -mtune=native  -c lqs.c -o lqs.o
gcc -std=gnu99 -shared -L/sw/arcts/centos7/R/3.4.1/lib64/R/lib -L/usr/local/lib64 -o MASS.so MASS.o lqs.o -L/sw/arcts/centos7/R/3.4.1/lib64/R/lib -lR
installing to /home/ejbreen/R/x86_64-pc-linux-gnu-library/3.4/MASS/libs
** R
** data
*** moving datasets to lazyload DB
** inst
** byte-compile and prepare package for lazy loading
** help
*** installing help indices
** building package indices
** testing if installed package can be loaded
* DONE (MASS)

The downloaded source packages are in
	‘/tmp/RtmpMQazXf/downloaded_packages’
Installing package into ‘/home/ejbreen/R/x86_64-pc-linux-gnu-library/3.4’
(as ‘lib’ is unspecified)
trying URL 'https://cloud.r-project.org/src/contrib/lattice_0.20-35.tar.gz'
Content type 'application/x-gzip' length 359813 bytes (351 KB)
==================================================
downloaded 351 KB

* installing *source* package ‘lattice’ ...
** package ‘lattice’ successfully unpacked and MD5 sums checked
** libs
gcc -std=gnu99 -I/sw/arcts/centos7/R/3.4.1/lib64/R/include -DNDEBUG   -I/usr/local/include   -fpic  -O3 -mtune=native  -c init.c -o init.o
gcc -std=gnu99 -I/sw/arcts/centos7/R/3.4.1/lib64/R/include -DNDEBUG   -I/usr/local/include   -fpic  -O3 -mtune=native  -c threeDplot.c -o threeDplot.o
gcc -std=gnu99 -shared -L/sw/arcts/centos7/R/3.4.1/lib64/R/lib -L/usr/local/lib64 -o lattice.so init.o threeDplot.o -L/sw/arcts/centos7/R/3.4.1/lib64/R/lib -lR
installing to /home/ejbreen/R/x86_64-pc-linux-gnu-library/3.4/lattice/libs
** R
** data
*** moving datasets to lazyload DB
** demo
** inst
** preparing package for lazy loading
** help
*** installing help indices
** building package indices
** testing if installed package can be loaded
* DONE (lattice)

The downloaded source packages are in
	‘/tmp/RtmpMQazXf/downloaded_packages’
Installing package into ‘/home/ejbreen/R/x86_64-pc-linux-gnu-library/3.4’
(as ‘lib’ is unspecified)
* installing *binary* package ‘gurobi’ ...
* DONE (gurobi)
Warning message:
In install.packages("slam", repos = "https://cloud.r-project.org/") :
  installation of package ‘slam’ had non-zero exit status
> 
> library('simstudy')
> 
> source("R/TKA population simulation parameters.R")
> out <- pop_sim_paramaters()
[1] "Defining population simulation paramaters"
> C_pop_def <- out$C_pop_def
> T_pop_def <- out$T_pop_def
> Levels <- out$Levels
> 
> C_pop <- genData(60000, C_pop_def)
> T_pop <- genData(2000, T_pop_def)
> 
> C_pop <- subset.data.frame(C_pop, select = -c(B, POLY, HEAD, APP))
> T_pop <- subset.data.frame(T_pop, select = -c(B, POLY, HEAD, APP))
> 
> source('R/ScalingTest1.R')
> 
> scales <-  c(.2, .25, .3, .35, .4, .45, .5)
> scales_small <- c(.01, .05, .1, .15)
> 
> TimingDF <- data.frame(scale_factor = 0,
+                       section = 0,
+                       user = 0.0,
+                       system = 0.0,
+                       total = 0.0)
> 
> for(i in scales){
+   print(paste('Running at scaling factor- ', i, sep = "")
+   out <-  runScalingTest(T_pop, C_pop, i)
Error: unexpected symbol in:
"  print(paste('Running at scaling factor- ', i, sep = "")
  out"
Execution halted
